// Bun Snapshot v1, https://bun.sh/docs/test/snapshots

exports[`at width 105 plain text matches the snapshot 1`] = `
" tokenhud   1 Overview   2 History   3 Models   4 Accounts              scope all accounts   as of 11:40
─────────────────────────────────────────────────────────────────────────────────────────────────────────

 LIMITS                                                                              limits: coming soon
 ╭─ personal · claude ─────────────────────────────╮  ╭─ work · claude ────────────────────────────────╮
 │ today unpriced  967K                            │  │ today $0.00  0                                 │
 │ 24h     $1.62*  2.9M                            │  │ 24h   $0.00  0                                 │
 │ limits: coming soon                             │  │ limits: coming soon                            │
 ╰─────────────────────────────────────────────────╯  ╰────────────────────────────────────────────────╯
 ╭─ codex · codex ─────────────────────────────────╮  ╭─ codex-win · codex ────────────────────────────╮
 │ today $2.38  1.6M                               │  │ today $0.00  0                                 │
 │ 24h   $2.38  1.6M                               │  │ 24h   $0.00  0                                 │
 │ limits: coming soon                             │  │ limits: coming soon                            │
 ╰─────────────────────────────────────────────────╯  ╰────────────────────────────────────────────────╯
 ╭─ old-laptop · claude ───────────────────────────╮
 │ today $0.00  0                                  │
 │ 24h   $0.00  0                                  │
 │ not signed in here                              │
 ╰─────────────────────────────────────────────────╯

 SPEND                                                                           * not all tokens priced
                today    this week   this month     all-time
  cost         $2.38*       $8.55*     $158.43*     $336.20*
  tokens         2.6M         8.2M       142.8M       310.7M

 ACTIVITY · cost per 20 min · 24h                                                    peak $1.07 at 21:20
 $1.07                             █                               ▂
                                   █                      ▆        █
                                   █                      █        █
 $0.53                             █▄                    ▃█        █
                                   ██                    ██        █
                                   ██                    ██        █
     0                             ██                    ██        █
       -24h              -18h              -12h             -6h             now

 TOP MODELS · 24h
 claude-opus-4-8                           $1.62  40% ━━
 gpt-5.6-sol                               $1.42  35% ━━
 gpt-5.5                                   $0.96  24% ━
 claude-mystery-9                       unpriced   0%

 LIMIT EVENTS · 7 days
  limit events: coming soon
"
`;

exports[`at width 105 ANSI colours match the snapshot and carry the same characters 1`] = `
"\x1B[0m\x1B[1m\x1B[38;2;238;242;246m tokenhud  \x1B[0m\x1B[1m\x1B[38;2;238;242;246m\x1B[48;2;39;52;71m 1 Overview  \x1B[0m\x1B[38;2;95;106;119m 2 \x1B[0m\x1B[38;2;139;150;164mHistory  \x1B[0m\x1B[38;2;95;106;119m 3 \x1B[0m\x1B[38;2;139;150;164mModels  \x1B[0m\x1B[38;2;95;106;119m 4 \x1B[0m\x1B[38;2;139;150;164mAccounts              \x1B[0m\x1B[38;2;95;106;119mscope \x1B[0m\x1B[38;2;200;208;217mall accounts\x1B[0m\x1B[38;2;95;106;119m   as of \x1B[0m\x1B[38;2;200;208;217m11:40\x1B[0m
\x1B[0m\x1B[38;2;43;52;64m─────────────────────────────────────────────────────────────────────────────────────────────────────────\x1B[0m

\x1B[0m\x1B[1m\x1B[38;2;238;242;246m LIMITS                                                                              \x1B[0m\x1B[38;2;95;106;119mlimits: coming soon\x1B[0m
 \x1B[0m\x1B[38;2;43;52;64m╭─ \x1B[0m\x1B[1m\x1B[38;2;238;242;246mpersonal · claude\x1B[0m\x1B[38;2;43;52;64m ─────────────────────────────╮  \x1B[0m\x1B[38;2;43;52;64m╭─ \x1B[0m\x1B[1m\x1B[38;2;238;242;246mwork · claude\x1B[0m\x1B[38;2;43;52;64m ────────────────────────────────╮\x1B[0m
 \x1B[0m\x1B[38;2;43;52;64m│ \x1B[0m\x1B[38;2;139;150;164mtoday \x1B[0m\x1B[38;2;95;106;119munpriced\x1B[0m\x1B[38;2;108;182;255m  967K                            \x1B[0m\x1B[38;2;43;52;64m│  \x1B[0m\x1B[38;2;43;52;64m│ \x1B[0m\x1B[38;2;139;150;164mtoday \x1B[0m\x1B[1m\x1B[38;2;232;163;61m$0.00\x1B[0m\x1B[38;2;108;182;255m  0                                 \x1B[0m\x1B[38;2;43;52;64m│\x1B[0m
 \x1B[0m\x1B[38;2;43;52;64m│ \x1B[0m\x1B[38;2;139;150;164m24h   \x1B[0m\x1B[38;2;232;163;61m  $1.62*\x1B[0m\x1B[38;2;108;182;255m  2.9M                            \x1B[0m\x1B[38;2;43;52;64m│  \x1B[0m\x1B[38;2;43;52;64m│ \x1B[0m\x1B[38;2;139;150;164m24h   \x1B[0m\x1B[38;2;232;163;61m$0.00\x1B[0m\x1B[38;2;108;182;255m  0                                 \x1B[0m\x1B[38;2;43;52;64m│\x1B[0m
 \x1B[0m\x1B[38;2;43;52;64m│ \x1B[0m\x1B[38;2;95;106;119mlimits: coming soon                             \x1B[0m\x1B[38;2;43;52;64m│  \x1B[0m\x1B[38;2;43;52;64m│ \x1B[0m\x1B[38;2;95;106;119mlimits: coming soon                            \x1B[0m\x1B[38;2;43;52;64m│\x1B[0m
 \x1B[0m\x1B[38;2;43;52;64m╰─────────────────────────────────────────────────╯  \x1B[0m\x1B[38;2;43;52;64m╰────────────────────────────────────────────────╯\x1B[0m
 \x1B[0m\x1B[38;2;43;52;64m╭─ \x1B[0m\x1B[1m\x1B[38;2;238;242;246mcodex · codex\x1B[0m\x1B[38;2;43;52;64m ─────────────────────────────────╮  \x1B[0m\x1B[38;2;43;52;64m╭─ \x1B[0m\x1B[1m\x1B[38;2;238;242;246mcodex-win · codex\x1B[0m\x1B[38;2;43;52;64m ────────────────────────────╮\x1B[0m
 \x1B[0m\x1B[38;2;43;52;64m│ \x1B[0m\x1B[38;2;139;150;164mtoday \x1B[0m\x1B[1m\x1B[38;2;232;163;61m$2.38\x1B[0m\x1B[38;2;108;182;255m  1.6M                               \x1B[0m\x1B[38;2;43;52;64m│  \x1B[0m\x1B[38;2;43;52;64m│ \x1B[0m\x1B[38;2;139;150;164mtoday \x1B[0m\x1B[1m\x1B[38;2;232;163;61m$0.00\x1B[0m\x1B[38;2;108;182;255m  0                                 \x1B[0m\x1B[38;2;43;52;64m│\x1B[0m
 \x1B[0m\x1B[38;2;43;52;64m│ \x1B[0m\x1B[38;2;139;150;164m24h   \x1B[0m\x1B[38;2;232;163;61m$2.38\x1B[0m\x1B[38;2;108;182;255m  1.6M                               \x1B[0m\x1B[38;2;43;52;64m│  \x1B[0m\x1B[38;2;43;52;64m│ \x1B[0m\x1B[38;2;139;150;164m24h   \x1B[0m\x1B[38;2;232;163;61m$0.00\x1B[0m\x1B[38;2;108;182;255m  0                                 \x1B[0m\x1B[38;2;43;52;64m│\x1B[0m
 \x1B[0m\x1B[38;2;43;52;64m│ \x1B[0m\x1B[38;2;95;106;119mlimits: coming soon                             \x1B[0m\x1B[38;2;43;52;64m│  \x1B[0m\x1B[38;2;43;52;64m│ \x1B[0m\x1B[38;2;95;106;119mlimits: coming soon                            \x1B[0m\x1B[38;2;43;52;64m│\x1B[0m
 \x1B[0m\x1B[38;2;43;52;64m╰─────────────────────────────────────────────────╯  \x1B[0m\x1B[38;2;43;52;64m╰────────────────────────────────────────────────╯\x1B[0m
 \x1B[0m\x1B[38;2;43;52;64m╭─ \x1B[0m\x1B[1m\x1B[38;2;238;242;246mold-laptop · claude\x1B[0m\x1B[38;2;43;52;64m ───────────────────────────╮\x1B[0m
 \x1B[0m\x1B[38;2;43;52;64m│ \x1B[0m\x1B[38;2;139;150;164mtoday \x1B[0m\x1B[1m\x1B[38;2;232;163;61m$0.00\x1B[0m\x1B[38;2;108;182;255m  0                                  \x1B[0m\x1B[38;2;43;52;64m│\x1B[0m
 \x1B[0m\x1B[38;2;43;52;64m│ \x1B[0m\x1B[38;2;139;150;164m24h   \x1B[0m\x1B[38;2;232;163;61m$0.00\x1B[0m\x1B[38;2;108;182;255m  0                                  \x1B[0m\x1B[38;2;43;52;64m│\x1B[0m
 \x1B[0m\x1B[38;2;43;52;64m│ \x1B[0m\x1B[38;2;95;106;119mnot signed in here                              \x1B[0m\x1B[38;2;43;52;64m│\x1B[0m
 \x1B[0m\x1B[38;2;43;52;64m╰─────────────────────────────────────────────────╯\x1B[0m

\x1B[0m\x1B[1m\x1B[38;2;238;242;246m SPEND                                                                           \x1B[0m\x1B[38;2;95;106;119m* not all tokens priced\x1B[0m
\x1B[0m\x1B[38;2;95;106;119m                today    this week   this month     all-time\x1B[0m
\x1B[0m\x1B[38;2;139;150;164m  cost  \x1B[0m\x1B[1m\x1B[38;2;232;163;61m       $2.38*       $8.55*     $158.43*     $336.20*\x1B[0m
\x1B[0m\x1B[38;2;139;150;164m  tokens\x1B[0m\x1B[38;2;108;182;255m         2.6M         8.2M       142.8M       310.7M\x1B[0m

\x1B[0m\x1B[1m\x1B[38;2;238;242;246m ACTIVITY · cost per 20 min · 24h                                                    \x1B[0m\x1B[38;2;95;106;119mpeak $1.07 at 21:20\x1B[0m
 \x1B[0m\x1B[38;2;95;106;119m$1.07 \x1B[0m\x1B[38;2;232;163;61m                            █                               ▂\x1B[0m
       \x1B[0m\x1B[38;2;232;163;61m                            █                      ▆        █\x1B[0m
       \x1B[0m\x1B[38;2;232;163;61m                            █                      █        █\x1B[0m
 \x1B[0m\x1B[38;2;95;106;119m$0.53 \x1B[0m\x1B[38;2;232;163;61m                            █▄                    ▃█        █\x1B[0m
       \x1B[0m\x1B[38;2;232;163;61m                            ██                    ██        █\x1B[0m
       \x1B[0m\x1B[38;2;232;163;61m                            ██                    ██        █\x1B[0m
     \x1B[0m\x1B[38;2;95;106;119m0 \x1B[0m\x1B[38;2;232;163;61m                            ██                    ██        █\x1B[0m
       \x1B[0m\x1B[38;2;95;106;119m-24h              \x1B[0m\x1B[38;2;95;106;119m-18h              \x1B[0m\x1B[38;2;95;106;119m-12h             \x1B[0m\x1B[38;2;95;106;119m-6h             \x1B[0m\x1B[38;2;95;106;119mnow\x1B[0m

\x1B[0m\x1B[1m\x1B[38;2;238;242;246m TOP MODELS · 24h\x1B[0m
 \x1B[0m\x1B[38;2;200;208;217mclaude-opus-4-8                       \x1B[0m\x1B[38;2;232;163;61m    $1.62 \x1B[0m\x1B[38;2;139;150;164m 40% \x1B[0m\x1B[38;2;232;163;61m━━\x1B[0m\x1B[38;2;44;53;66m━━━━\x1B[0m
 \x1B[0m\x1B[38;2;200;208;217mgpt-5.6-sol                           \x1B[0m\x1B[38;2;232;163;61m    $1.42 \x1B[0m\x1B[38;2;139;150;164m 35% \x1B[0m\x1B[38;2;232;163;61m━━\x1B[0m\x1B[38;2;44;53;66m━━━━\x1B[0m
 \x1B[0m\x1B[38;2;200;208;217mgpt-5.5                               \x1B[0m\x1B[38;2;232;163;61m    $0.96 \x1B[0m\x1B[38;2;139;150;164m 24% \x1B[0m\x1B[38;2;232;163;61m━\x1B[0m\x1B[38;2;44;53;66m━━━━━\x1B[0m
 \x1B[0m\x1B[38;2;200;208;217mclaude-mystery-9                      \x1B[0m\x1B[38;2;95;106;119m unpriced \x1B[0m\x1B[38;2;139;150;164m  0% \x1B[0m\x1B[38;2;44;53;66m━━━━━━\x1B[0m

\x1B[0m\x1B[1m\x1B[38;2;238;242;246m LIMIT EVENTS · 7 days\x1B[0m
\x1B[0m\x1B[38;2;95;106;119m  limit events: coming soon\x1B[0m
"
`;

exports[`at width 120 plain text matches the snapshot 1`] = `
" tokenhud   1 Overview   2 History   3 Models   4 Accounts                             scope all accounts   as of 11:40
────────────────────────────────────────────────────────────────────────────────────────────────────────────────────────

 LIMITS                                                                                             limits: coming soon
 ╭─ personal · claude ────────────────╮  ╭─ work · claude ────────────────────╮  ╭─ codex · codex ────────────────────╮
 │ today unpriced  967K               │  │ today $0.00  0                     │  │ today $2.38  1.6M                  │
 │ 24h     $1.62*  2.9M               │  │ 24h   $0.00  0                     │  │ 24h   $2.38  1.6M                  │
 │ limits: coming soon                │  │ limits: coming soon                │  │ limits: coming soon                │
 ╰────────────────────────────────────╯  ╰────────────────────────────────────╯  ╰────────────────────────────────────╯
 ╭─ codex-win · codex ────────────────╮  ╭─ old-laptop · claude ──────────────╮
 │ today $0.00  0                     │  │ today $0.00  0                     │
 │ 24h   $0.00  0                     │  │ 24h   $0.00  0                     │
 │ limits: coming soon                │  │ not signed in here                 │
 ╰────────────────────────────────────╯  ╰────────────────────────────────────╯

 SPEND                                                                                          * not all tokens priced
                today    this week   this month     all-time
  cost         $2.38*       $8.55*     $158.43*     $336.20*
  tokens         2.6M         8.2M       142.8M       310.7M

 ACTIVITY · cost per 20 min · 24h                                                  TOP MODELS · 24h
 $1.07                             █                               ▂               claude-opus-4-8     $1.62  40% ━━
                                   █                      ▆        █               gpt-5.6-sol         $1.42  35% ━━
                                   █                      █        █               gpt-5.5             $0.96  24% ━
 $0.53                             █▄                    ▃█        █               claude-mystery…  unpriced   0%
                                   ██                    ██        █
                                   ██                    ██        █
     0                             ██                    ██        █
       -24h              -18h              -12h             -6h             now

 LIMIT EVENTS · 7 days
  limit events: coming soon
"
`;

exports[`at width 120 ANSI colours match the snapshot and carry the same characters 1`] = `
"\x1B[0m\x1B[1m\x1B[38;2;238;242;246m tokenhud  \x1B[0m\x1B[1m\x1B[38;2;238;242;246m\x1B[48;2;39;52;71m 1 Overview  \x1B[0m\x1B[38;2;95;106;119m 2 \x1B[0m\x1B[38;2;139;150;164mHistory  \x1B[0m\x1B[38;2;95;106;119m 3 \x1B[0m\x1B[38;2;139;150;164mModels  \x1B[0m\x1B[38;2;95;106;119m 4 \x1B[0m\x1B[38;2;139;150;164mAccounts                             \x1B[0m\x1B[38;2;95;106;119mscope \x1B[0m\x1B[38;2;200;208;217mall accounts\x1B[0m\x1B[38;2;95;106;119m   as of \x1B[0m\x1B[38;2;200;208;217m11:40\x1B[0m
\x1B[0m\x1B[38;2;43;52;64m────────────────────────────────────────────────────────────────────────────────────────────────────────────────────────\x1B[0m

\x1B[0m\x1B[1m\x1B[38;2;238;242;246m LIMITS                                                                                             \x1B[0m\x1B[38;2;95;106;119mlimits: coming soon\x1B[0m
 \x1B[0m\x1B[38;2;43;52;64m╭─ \x1B[0m\x1B[1m\x1B[38;2;238;242;246mpersonal · claude\x1B[0m\x1B[38;2;43;52;64m ────────────────╮  \x1B[0m\x1B[38;2;43;52;64m╭─ \x1B[0m\x1B[1m\x1B[38;2;238;242;246mwork · claude\x1B[0m\x1B[38;2;43;52;64m ────────────────────╮  \x1B[0m\x1B[38;2;43;52;64m╭─ \x1B[0m\x1B[1m\x1B[38;2;238;242;246mcodex · codex\x1B[0m\x1B[38;2;43;52;64m ────────────────────╮\x1B[0m
 \x1B[0m\x1B[38;2;43;52;64m│ \x1B[0m\x1B[38;2;139;150;164mtoday \x1B[0m\x1B[38;2;95;106;119munpriced\x1B[0m\x1B[38;2;108;182;255m  967K               \x1B[0m\x1B[38;2;43;52;64m│  \x1B[0m\x1B[38;2;43;52;64m│ \x1B[0m\x1B[38;2;139;150;164mtoday \x1B[0m\x1B[1m\x1B[38;2;232;163;61m$0.00\x1B[0m\x1B[38;2;108;182;255m  0                     \x1B[0m\x1B[38;2;43;52;64m│  \x1B[0m\x1B[38;2;43;52;64m│ \x1B[0m\x1B[38;2;139;150;164mtoday \x1B[0m\x1B[1m\x1B[38;2;232;163;61m$2.38\x1B[0m\x1B[38;2;108;182;255m  1.6M                  \x1B[0m\x1B[38;2;43;52;64m│\x1B[0m
 \x1B[0m\x1B[38;2;43;52;64m│ \x1B[0m\x1B[38;2;139;150;164m24h   \x1B[0m\x1B[38;2;232;163;61m  $1.62*\x1B[0m\x1B[38;2;108;182;255m  2.9M               \x1B[0m\x1B[38;2;43;52;64m│  \x1B[0m\x1B[38;2;43;52;64m│ \x1B[0m\x1B[38;2;139;150;164m24h   \x1B[0m\x1B[38;2;232;163;61m$0.00\x1B[0m\x1B[38;2;108;182;255m  0                     \x1B[0m\x1B[38;2;43;52;64m│  \x1B[0m\x1B[38;2;43;52;64m│ \x1B[0m\x1B[38;2;139;150;164m24h   \x1B[0m\x1B[38;2;232;163;61m$2.38\x1B[0m\x1B[38;2;108;182;255m  1.6M                  \x1B[0m\x1B[38;2;43;52;64m│\x1B[0m
 \x1B[0m\x1B[38;2;43;52;64m│ \x1B[0m\x1B[38;2;95;106;119mlimits: coming soon                \x1B[0m\x1B[38;2;43;52;64m│  \x1B[0m\x1B[38;2;43;52;64m│ \x1B[0m\x1B[38;2;95;106;119mlimits: coming soon                \x1B[0m\x1B[38;2;43;52;64m│  \x1B[0m\x1B[38;2;43;52;64m│ \x1B[0m\x1B[38;2;95;106;119mlimits: coming soon                \x1B[0m\x1B[38;2;43;52;64m│\x1B[0m
 \x1B[0m\x1B[38;2;43;52;64m╰────────────────────────────────────╯  \x1B[0m\x1B[38;2;43;52;64m╰────────────────────────────────────╯  \x1B[0m\x1B[38;2;43;52;64m╰────────────────────────────────────╯\x1B[0m
 \x1B[0m\x1B[38;2;43;52;64m╭─ \x1B[0m\x1B[1m\x1B[38;2;238;242;246mcodex-win · codex\x1B[0m\x1B[38;2;43;52;64m ────────────────╮  \x1B[0m\x1B[38;2;43;52;64m╭─ \x1B[0m\x1B[1m\x1B[38;2;238;242;246mold-laptop · claude\x1B[0m\x1B[38;2;43;52;64m ──────────────╮\x1B[0m
 \x1B[0m\x1B[38;2;43;52;64m│ \x1B[0m\x1B[38;2;139;150;164mtoday \x1B[0m\x1B[1m\x1B[38;2;232;163;61m$0.00\x1B[0m\x1B[38;2;108;182;255m  0                     \x1B[0m\x1B[38;2;43;52;64m│  \x1B[0m\x1B[38;2;43;52;64m│ \x1B[0m\x1B[38;2;139;150;164mtoday \x1B[0m\x1B[1m\x1B[38;2;232;163;61m$0.00\x1B[0m\x1B[38;2;108;182;255m  0                     \x1B[0m\x1B[38;2;43;52;64m│\x1B[0m
 \x1B[0m\x1B[38;2;43;52;64m│ \x1B[0m\x1B[38;2;139;150;164m24h   \x1B[0m\x1B[38;2;232;163;61m$0.00\x1B[0m\x1B[38;2;108;182;255m  0                     \x1B[0m\x1B[38;2;43;52;64m│  \x1B[0m\x1B[38;2;43;52;64m│ \x1B[0m\x1B[38;2;139;150;164m24h   \x1B[0m\x1B[38;2;232;163;61m$0.00\x1B[0m\x1B[38;2;108;182;255m  0                     \x1B[0m\x1B[38;2;43;52;64m│\x1B[0m
 \x1B[0m\x1B[38;2;43;52;64m│ \x1B[0m\x1B[38;2;95;106;119mlimits: coming soon                \x1B[0m\x1B[38;2;43;52;64m│  \x1B[0m\x1B[38;2;43;52;64m│ \x1B[0m\x1B[38;2;95;106;119mnot signed in here                 \x1B[0m\x1B[38;2;43;52;64m│\x1B[0m
 \x1B[0m\x1B[38;2;43;52;64m╰────────────────────────────────────╯  \x1B[0m\x1B[38;2;43;52;64m╰────────────────────────────────────╯\x1B[0m

\x1B[0m\x1B[1m\x1B[38;2;238;242;246m SPEND                                                                                          \x1B[0m\x1B[38;2;95;106;119m* not all tokens priced\x1B[0m
\x1B[0m\x1B[38;2;95;106;119m                today    this week   this month     all-time\x1B[0m
\x1B[0m\x1B[38;2;139;150;164m  cost  \x1B[0m\x1B[1m\x1B[38;2;232;163;61m       $2.38*       $8.55*     $158.43*     $336.20*\x1B[0m
\x1B[0m\x1B[38;2;139;150;164m  tokens\x1B[0m\x1B[38;2;108;182;255m         2.6M         8.2M       142.8M       310.7M\x1B[0m

\x1B[0m\x1B[1m\x1B[38;2;238;242;246m ACTIVITY · cost per 20 min · 24h                                                 \x1B[0m\x1B[1m\x1B[38;2;238;242;246m TOP MODELS · 24h\x1B[0m
 \x1B[0m\x1B[38;2;95;106;119m$1.07 \x1B[0m\x1B[38;2;232;163;61m                            █                               ▂               \x1B[0m\x1B[38;2;200;208;217mclaude-opus-4-8 \x1B[0m\x1B[38;2;232;163;61m    $1.62 \x1B[0m\x1B[38;2;139;150;164m 40% \x1B[0m\x1B[38;2;232;163;61m━━\x1B[0m\x1B[38;2;44;53;66m━━━━\x1B[0m
       \x1B[0m\x1B[38;2;232;163;61m                            █                      ▆        █               \x1B[0m\x1B[38;2;200;208;217mgpt-5.6-sol     \x1B[0m\x1B[38;2;232;163;61m    $1.42 \x1B[0m\x1B[38;2;139;150;164m 35% \x1B[0m\x1B[38;2;232;163;61m━━\x1B[0m\x1B[38;2;44;53;66m━━━━\x1B[0m
       \x1B[0m\x1B[38;2;232;163;61m                            █                      █        █               \x1B[0m\x1B[38;2;200;208;217mgpt-5.5         \x1B[0m\x1B[38;2;232;163;61m    $0.96 \x1B[0m\x1B[38;2;139;150;164m 24% \x1B[0m\x1B[38;2;232;163;61m━\x1B[0m\x1B[38;2;44;53;66m━━━━━\x1B[0m
 \x1B[0m\x1B[38;2;95;106;119m$0.53 \x1B[0m\x1B[38;2;232;163;61m                            █▄                    ▃█        █               \x1B[0m\x1B[38;2;200;208;217mclaude-mystery… \x1B[0m\x1B[38;2;95;106;119m unpriced \x1B[0m\x1B[38;2;139;150;164m  0% \x1B[0m\x1B[38;2;44;53;66m━━━━━━\x1B[0m
       \x1B[0m\x1B[38;2;232;163;61m                            ██                    ██        █\x1B[0m
       \x1B[0m\x1B[38;2;232;163;61m                            ██                    ██        █\x1B[0m
     \x1B[0m\x1B[38;2;95;106;119m0 \x1B[0m\x1B[38;2;232;163;61m                            ██                    ██        █\x1B[0m
       \x1B[0m\x1B[38;2;95;106;119m-24h              \x1B[0m\x1B[38;2;95;106;119m-18h              \x1B[0m\x1B[38;2;95;106;119m-12h             \x1B[0m\x1B[38;2;95;106;119m-6h             \x1B[0m\x1B[38;2;95;106;119mnow\x1B[0m

\x1B[0m\x1B[1m\x1B[38;2;238;242;246m LIMIT EVENTS · 7 days\x1B[0m
\x1B[0m\x1B[38;2;95;106;119m  limit events: coming soon\x1B[0m
"
`;
